suite: less.js
sha: 8ae2cc3bfa79f0718ad6fe5f263a1d6819fe9d5c
files: 459   success: 384   failed: 75
clean: 384  recovered: 3  hard_error: 72  panic: 0

failures:
ERROR    packages/test-data/tests-config/at-rules-compressed-evaluation/at-rules-compressed-evaluation.css    expect token `{`, but found `<ident>`
ERROR    packages/test-data/tests-config/compression/compression.css    unknown token
ERROR    packages/test-data/tests-config/compression/compression.less    unknown token
ERROR    packages/test-data/tests-config/debug/all/linenumbers-all.css    expect token `:`, but found `{`
ERROR    packages/test-data/tests-config/debug/comments/linenumbers-comments.css    expect token `{`, but found `<ident>`
ERROR    packages/test-data/tests-config/debug/mediaquery/linenumbers-mediaquery.css    expect token `:`, but found `{`
ERROR    packages/test-data/tests-config/math-always/mixins-guards.less    expect token `;`, but found `<ident>`
ERROR    packages/test-data/tests-config/math-always/no-sm-operations.less    expect token `;`, but found `{`
ERROR    packages/test-data/tests-config/math-parens-division/mixins-args.less    expect token `;`, but found `{`
ERROR    packages/test-data/tests-config/math-strict/mixins-args.less    expect token `;`, but found `{`
ERROR    packages/test-data/tests-config/math/parens-division/mixins-args.css    component value is expected
ERROR    packages/test-data/tests-config/math/parens-division/parens.css    component value is expected
ERROR    packages/test-data/tests-config/math/strict/mixins-args.css    component value is expected
ERROR    packages/test-data/tests-config/math/strict/parens.css    component value is expected
ERROR    packages/test-data/tests-config/static-urls/urls.css    invalid URL
ERROR    packages/test-data/tests-config/static-urls/urls.less    expect token `;`, but found `{`
ERROR    packages/test-data/tests-config/url-args/urls.css    invalid URL
ERROR    packages/test-data/tests-config/url-args/urls.less    expect token `;`, but found `{`
ERROR    packages/test-data/tests-error/eval/detached-ruleset-2.less    expect token `;`, but found `{`
ERROR    packages/test-data/tests-error/eval/mixin-not-defined-2.less    expect token `;`, but found `{`
ERROR    packages/test-data/tests-error/eval/multiple-guards-on-css-selectors.less    expect token `;`, but found `<ident>`
RECOVER  packages/test-data/tests-error/eval/multiple-guards-on-css-selectors2.less    Less guards are only allowed on a single complex selector
ERROR    packages/test-data/tests-error/eval/property-in-root3.less    expect token `(`, but found `:`
ERROR    packages/test-data/tests-error/parse/at-rules-unmatching-block.less    CSS rule is expected
ERROR    packages/test-data/tests-error/parse/bad-variable-declaration1.less    CSS rule is expected
ERROR    packages/test-data/tests-error/parse/custom-property-unmatched-block-1.less    CSS rule is expected
ERROR    packages/test-data/tests-error/parse/custom-property-unmatched-block-2.less    expect token `<eof>`, but found `}`
ERROR    packages/test-data/tests-error/parse/custom-property-unmatched-block-3.less    expect token `;`, but found `{`
ERROR    packages/test-data/tests-error/parse/detached-ruleset-6.less    expect token `;`, but found `{`
ERROR    packages/test-data/tests-error/parse/import-malformed.less    expect token `(`, but found `<ident>`
ERROR    packages/test-data/tests-error/parse/mixed-mixin-definition-args-1.less    expect token `;`, but found `{`
ERROR    packages/test-data/tests-error/parse/mixed-mixin-definition-args-2.less    expect token `;`, but found `{`
ERROR    packages/test-data/tests-error/parse/mixins-guards-cond-expected.less    expect token `;`, but found `<ident>`
ERROR    packages/test-data/tests-error/parse/parens-error-1.less    expect token `;`, but found `{`
ERROR    packages/test-data/tests-error/parse/parens-error-2.less    expect token `;`, but found `{`
ERROR    packages/test-data/tests-error/parse/parens-error-3.less    expect token `;`, but found `{`
ERROR    packages/test-data/tests-error/parse/parse-error-curly-bracket.less    expect token `<eof>`, but found `}`
ERROR    packages/test-data/tests-error/parse/parse-error-media-no-block-1.less    expect token `{`, but found `)`
ERROR    packages/test-data/tests-error/parse/parse-error-media-no-block-2.less    expect token `{`, but found `<eof>`
ERROR    packages/test-data/tests-error/parse/parse-error-media-no-block-3.less    expect token `}`, but found `<eof>`
ERROR    packages/test-data/tests-error/parse/parse-error-missing-bracket.less    expect token `(`, but found `{`
ERROR    packages/test-data/tests-error/parse/parse-error-missing-parens.less    expect token `{`, but found `(`
ERROR    packages/test-data/tests-error/parse/parse-error-with-import.less    expect token `(`, but found `;`
ERROR    packages/test-data/tests-error/parse/property-asterisk-only-name.less    expect token `(`, but found `{`
ERROR    packages/test-data/tests-error/parse/single-character.less    expect token `(`, but found `<eof>`
ERROR    packages/test-data/tests-unit/at-rules/at-rules.less    expect token `;`, but found `{`
ERROR    packages/test-data/tests-unit/container/container.css    expect token `{`, but found `<ident>`
ERROR    packages/test-data/tests-unit/container/container.less    expect token `{`, but found `<ident>`
RECOVER  packages/test-data/tests-unit/css-3/css-3.css    unicode range end value exceeds max allowed code point
RECOVER  packages/test-data/tests-unit/css-3/css-3.less    unicode range end value exceeds max allowed code point
ERROR    packages/test-data/tests-unit/css-guards/css-guards.less    expect token `(`, but found `:`
ERROR    packages/test-data/tests-unit/extract-and-length/extract-and-length.css    component value is expected
ERROR    packages/test-data/tests-unit/extract-and-length/extract-and-length.less    expect token `;`, but found `{`
ERROR    packages/test-data/tests-unit/functions-each/functions-each.less    expect token `;`, but found `{`
ERROR    packages/test-data/tests-unit/functions/functions.css    component value is expected
ERROR    packages/test-data/tests-unit/functions/functions.less    expect token `;`, but found `{`
ERROR    packages/test-data/tests-unit/import/import-inline.css    unterminated string
ERROR    packages/test-data/tests-unit/import/import-reference.css    expect token `{`, but found `:`
ERROR    packages/test-data/tests-unit/import/import/invalid-css.less    expect token `(`, but found `<ident>`
ERROR    packages/test-data/tests-unit/layer/layer.less    expect token `;`, but found `<at-keyword>`
ERROR    packages/test-data/tests-unit/media/media.less    expect token `;`, but found `{`
ERROR    packages/test-data/tests-unit/mixins-guards/mixins-guards.less    expect token `;`, but found `<ident>`
ERROR    packages/test-data/tests-unit/namespace-targeted/namespace-targeted.less    expect token `;`, but found `{`
ERROR    packages/test-data/tests-unit/operations/operations-advanced.css    component value is expected
ERROR    packages/test-data/tests-unit/operations/operations.less    expect token `;`, but found `{`
ERROR    packages/test-data/tests-unit/parser-slashed-combinator/parser-slashed-combinator.css    expect token `{`, but found `/`
ERROR    packages/test-data/tests-unit/parser-slashed-combinator/parser-slashed-combinator.less    expect token `;`, but found `/`
ERROR    packages/test-data/tests-unit/permissive-parse/permissive-parse.less    expect token `<ident>`, but found `<at-keyword>`
ERROR    packages/test-data/tests-unit/property-name-interp/property-name-interp.css    expect token `:`, but found `+`
ERROR    packages/test-data/tests-unit/property-name-interp/property-name-interp.less    expect token `(`, but found `{`
ERROR    packages/test-data/tests-unit/strings/strings.less    expect token `;`, but found `{`
ERROR    packages/test-data/tests-unit/urls/actual.css    invalid URL
ERROR    packages/test-data/tests-unit/urls/urls.css    invalid URL
ERROR    packages/test-data/tests-unit/urls/urls.less    expect token `;`, but found `{`
ERROR    packages/test-data/tests-unit/variables-in-at-rules/variables-in-at-rules.less    expect token `<string>`, but found `<string template>`
