suite: sass-spec
sha: a2ead9225786d49e91f5cc36755b7713596a2338
files: 26787   success: 26490   failed: 6   expected: 291
clean: 26490  recovered: 0  hard_error: 6  panic: 0

failures:
ERROR    spec/libsass-todo-issues/issue_221262.hrx::input.scss    CSS rule is expected
ERROR    spec/libsass-todo-issues/issue_221262.hrx::output.css    CSS rule is expected
ERROR    spec/libsass-todo-issues/issue_221292.hrx::input.scss    CSS rule is expected
ERROR    spec/libsass-todo-issues/issue_221292.hrx::output.css    CSS rule is expected
ERROR    spec/non_conformant/extend-tests/selector_list.hrx::input.scss    expect token `;`, but found `#{`
ERROR    spec/non_conformant/sass/pseudo.hrx::input.sass    CSS rule is expected

expected failures (error tests, correct behavior):
RECOVER  spec/callable/arguments.hrx::mixin/error/comma_only/input.scss    component value is expected
ERROR    spec/callable/parameters.hrx::function/error/comma_only/input.scss    expect token `$var`, but found `,`
ERROR    spec/callable/parameters.hrx::function/error/splat/before_final/input.scss    expect token `)`, but found `$var`
ERROR    spec/callable/parameters.hrx::mixin/error/comma_only/input.scss    expect token `$var`, but found `,`
ERROR    spec/callable/parameters.hrx::mixin/error/splat/before_final/input.scss    expect token `)`, but found `$var`
ERROR    spec/css/charset.hrx::error/whitespace/sass/input.sass    expect token `<string>`, but found `<indent>`
ERROR    spec/css/comment.hrx::error/loud/sass/content_after_close/multi_line/input.sass    CSS rule is expected
ERROR    spec/css/comment.hrx::error/loud/unterminated/scss/input.scss    expect token `}`, but found `<eof>`
ERROR    spec/css/custom_properties/error.hrx::brackets/curly/input.scss    expect token `<eof>`, but found `}`
ERROR    spec/css/custom_properties/error.hrx::brackets/curly_in_square/input.scss    expect token `;`, but found `]`
ERROR    spec/css/custom_properties/error.hrx::brackets/paren/input.scss    expect token `;`, but found `)`
ERROR    spec/css/custom_properties/error.hrx::brackets/paren_in_curly/input.scss    expect token `<eof>`, but found `}`
ERROR    spec/css/custom_properties/error.hrx::brackets/square/input.scss    expect token `;`, but found `]`
ERROR    spec/css/custom_properties/error.hrx::brackets/square_in_paren/input.scss    expect token `;`, but found `)`
ERROR    spec/css/function.hrx::error/interpolated/result/characters/input.scss    expect one of `<ident>` or `#{`, but found `&`
ERROR    spec/css/function.hrx::error/result/interpolated/characters/input.scss    expect one of `<ident>` or `#{`, but found `&`
ERROR    spec/css/function.hrx::error/result/style_rule/characters/input.scss    expect one of `<ident>` or `#{`, but found `&`
ERROR    spec/css/functions/special/error.hrx::whitespace/sass/before_paren/middle/input.sass    CSS rule is expected
ERROR    spec/css/important.hrx::error/syntax/eof_after_bang/input.scss    expect token `<ident>`, but found `<eof>`
ERROR    spec/css/important.hrx::error/syntax/sass/multiline/after_prop/input.sass    CSS rule is expected
ERROR    spec/css/media/logic/error.hrx::and_after/or/input.scss    expect token `{`, but found `<ident>`
ERROR    spec/css/media/logic/error.hrx::and_after/type_and_not/input.scss    expect token `{`, but found `<ident>`
ERROR    spec/css/media/logic/error.hrx::nothing_after/and/after_paren/input.scss    expect one of `<ident>` or `#{`, but found `(`
ERROR    spec/css/media/logic/error.hrx::nothing_after/and/after_type/input.scss    expect token `(`, but found `{`
ERROR    spec/css/media/logic/error.hrx::nothing_after/and_not/input.scss    expect token `(`, but found `{`
ERROR    spec/css/media/logic/error.hrx::nothing_after/not/input.scss    expect one of `<ident>` or `#{`, but found `{`
ERROR    spec/css/media/logic/error.hrx::nothing_after/or/input.scss    expect one of `<ident>` or `#{`, but found `(`
ERROR    spec/css/media/logic/error.hrx::or_after/and/input.scss    expect token `{`, but found `<ident>`
ERROR    spec/css/media/logic/error.hrx::or_after/type/input.scss    expect token `{`, but found `<ident>`
ERROR    spec/css/media/logic/error.hrx::or_after/type_and_not/input.scss    expect token `{`, but found `<ident>`
ERROR    spec/css/media/logic/error.hrx::or_after/type_then_and/input.scss    expect token `{`, but found `<ident>`
ERROR    spec/css/media/whitespace.hrx::error/logic_sequence/after_operator/sass/input.sass    expect one of `<ident>` or `#{`, but found `(`
ERROR    spec/css/media/whitespace.hrx::error/logic_sequence/before_operator/sass/input.sass    CSS rule is expected
ERROR    spec/css/moz_document/whitespace.hrx::error/before_arg/sass/input.sass    expect token `<ident>`, but found `<indent>`
ERROR    spec/css/plain/error/expression/interpolation.hrx::identifier/plain.css    component value is expected
ERROR    spec/css/plain/error/expression/interpolation.hrx::standalone/plain.css    component value is expected
ERROR    spec/css/plain/error/expression/variable.hrx::declaration/plain.css    CSS rule is expected
ERROR    spec/css/plain/error/media.hrx::logic/and_after/or/plain.css    expect token `{`, but found `<ident>`
ERROR    spec/css/plain/error/media.hrx::logic/and_after/type_and_not/plain.css    expect token `{`, but found `<ident>`
ERROR    spec/css/plain/error/media.hrx::logic/nothing_after/and/after_paren/plain.css    expect token `<ident>`, but found `(`
ERROR    spec/css/plain/error/media.hrx::logic/nothing_after/and/after_type/plain.css    expect token `(`, but found `{`
ERROR    spec/css/plain/error/media.hrx::logic/nothing_after/and_not/plain.css    expect token `(`, but found `{`
ERROR    spec/css/plain/error/media.hrx::logic/nothing_after/not/plain.css    expect token `<ident>`, but found `{`
ERROR    spec/css/plain/error/media.hrx::logic/nothing_after/or/plain.css    expect token `<ident>`, but found `(`
ERROR    spec/css/plain/error/media.hrx::logic/or_after/and/plain.css    expect token `{`, but found `<ident>`
ERROR    spec/css/plain/error/media.hrx::logic/or_after/type/plain.css    expect token `{`, but found `<ident>`
ERROR    spec/css/plain/error/media.hrx::logic/or_after/type_and_not/plain.css    expect token `{`, but found `<ident>`
ERROR    spec/css/plain/error/media.hrx::logic/or_after/type_then_and/plain.css    expect token `{`, but found `<ident>`
ERROR    spec/css/plain/error/statement/at_rule.hrx::interpolation/plain.css    expect token `:`, but found `}`
ERROR    spec/css/plain/error/statement/silent_comment.hrx::plain.css    CSS rule is expected
ERROR    spec/css/plain/error/statement/style_rule.hrx::interpolation/declaration/plain.css    expect token `:`, but found `#`
ERROR    spec/css/plain/error/statement/style_rule.hrx::interpolation/selector/plain.css    expect token `<ident>`, but found `{`
ERROR    spec/css/plain/error/statement/style_rule.hrx::nested_property/no_value/plain.css    component value is expected
ERROR    spec/css/plain/error/statement/style_rule.hrx::nested_property/value/plain.css    component value is expected
ERROR    spec/css/plain/error/statement/style_rule.hrx::placeholder_selector/plain.css    CSS rule is expected
ERROR    spec/css/plain/import/whitespace.hrx::error/after_import/sass/input.sass    expect token `<string>`, but found `<linebreak>`
ERROR    spec/css/plain/import/whitespace.hrx::error/after_import_indented/sass/input.sass    expect token `<string>`, but found `<indent>`
ERROR    spec/css/propset.hrx::error/value_after_propset/input.scss    expect token `:`, but found `}`
ERROR    spec/css/selector/attribute.hrx::error/modifier/digit/input.scss    expect token `]`, but found `<number>`
ERROR    spec/css/selector/attribute.hrx::error/modifier/no_operator/input.scss    attribute selector matcher is expected
ERROR    spec/css/selector/pseudoselector.hrx::error/with_attribute_mismatched/sass/input.scss    expect token `{`, but found `]`
ERROR    spec/css/selector/reference_combinator.hrx::input.scss    expect token `{`, but found `/`
ERROR    spec/css/supports/error.hrx::syntax/anything/colon/input.scss    unknown token
ERROR    spec/css/supports/error.hrx::syntax/declaration/multiple/input.scss    expect token `{`, but found `(`
ERROR    spec/css/supports/error.hrx::syntax/declaration/parens/input.scss    expect token `:`, but found `}`
ERROR    spec/css/supports/error.hrx::syntax/function/space_before_arg/input.scss    expect token `'('`, but found `(`
ERROR    spec/css/supports/error.hrx::syntax/ident/interpolated_after/input.scss    expect token `'('`, but found `{`
ERROR    spec/css/supports/error.hrx::syntax/ident/interpolated_before/input.scss    expect token `'('`, but found `{`
ERROR    spec/css/supports/error.hrx::syntax/ident/plain/input.scss    expect token `'('`, but found `{`
ERROR    spec/css/supports/error.hrx::syntax/ident_after_not/input.scss    expect token `'('`, but found `{`
ERROR    spec/css/supports/error.hrx::syntax/none/input.scss    expect token `'('`, but found `{`
ERROR    spec/css/supports/error.hrx::syntax/operator/and_after_not/input.scss    expect token `{`, but found `<ident>`
ERROR    spec/css/supports/error.hrx::syntax/operator/lonely_not/input.scss    expect token `'('`, but found `{`
ERROR    spec/css/supports/error.hrx::syntax/operator/trailing_and/input.scss    expect token `'('`, but found `{`
ERROR    spec/css/supports/error.hrx::syntax/operator/trailing_or/input.scss    expect token `'('`, but found `{`
ERROR    spec/css/supports/error.hrx::syntax/raw_declaration/input.scss    expect token `'('`, but found `:`
ERROR    spec/css/supports/whitespace.hrx::error/before_query/sass/input.sass    expect token `'('`, but found `<indent>`
ERROR    spec/css/supports/whitespace.hrx::error/interpolation/no_paren/after_operator/input.sass    expect token `'('`, but found `<indent>`
ERROR    spec/css/supports/whitespace.hrx::error/interpolation/no_paren/after_second/input.sass    CSS rule is expected
ERROR    spec/css/supports/whitespace.hrx::error/interpolation/no_paren/before_operator/input.sass    CSS rule is expected
ERROR    spec/css/supports/whitespace.hrx::error/multi_conditions/after_and/sass/input.sass    expect token `'('`, but found `<indent>`
ERROR    spec/css/supports/whitespace.hrx::error/multi_conditions/before_and/sass/input.sass    CSS rule is expected
ERROR    spec/css/supports/whitespace.hrx::error/negation/after_not/sass/input.sass    expect token `'('`, but found `<indent>`
ERROR    spec/css/unicode_range/error.hrx::ident_minus_space_ident/input.scss    invalid unicode range
ERROR    spec/css/unicode_range/error.hrx::minus_ident_minus/input.scss    invalid unicode range
ERROR    spec/css/unicode_range/error.hrx::minus_number_minus_ident/input.scss    invalid unicode range
ERROR    spec/css/unicode_range/error.hrx::no_digits/input.scss    expect token `?`, but found `}`
ERROR    spec/css/unicode_range/error.hrx::nothing_after_minus/input.scss    invalid unicode range
ERROR    spec/css/unicode_range/error.hrx::too_many/after_minus/decimal_digits/input.scss    invalid unicode range
ERROR    spec/css/unicode_range/error.hrx::too_many/after_minus/hex_digits/input.scss    invalid unicode range
ERROR    spec/css/unicode_range/error.hrx::too_many/decimal_digits/input.scss    invalid unicode range
ERROR    spec/css/unicode_range/error.hrx::too_many/hex_digits/input.scss    invalid unicode range
ERROR    spec/css/unicode_range/error.hrx::too_many/question_marks/after_decimal/input.scss    invalid unicode range
ERROR    spec/css/unicode_range/error.hrx::too_many/question_marks/after_question_mark/input.scss    invalid unicode range
ERROR    spec/css/unknown_directive/error.hrx::interpolation/space_after_at/input.scss    unexpected whitespace or comments
ERROR    spec/css/unknown_directive/error.hrx::space_after_at/input.scss    unexpected whitespace or comments
ERROR    spec/directives/at_root/whitespace.hrx::error/before_query/sass/input.sass    CSS rule is expected
ERROR    spec/directives/extend/error.hrx::complex/input.scss    expect token `;`, but found `<ident>`
ERROR    spec/directives/extend/error.hrx::no_selector/input.scss    simple selector is expected
ERROR    spec/directives/extend/whitespace.hrx::error/before_optional/sass/input.sass    CSS rule is expected
ERROR    spec/directives/forward/error/syntax.hrx::as/asterisk/input.scss    expect token `<ident>`, but found `*`
ERROR    spec/directives/forward/error/syntax.hrx::as/invalid/input.scss    expect token `<ident>`, but found `<number>`
ERROR    spec/directives/forward/error/syntax.hrx::as/no_star/input.scss    expect token `*`, but found `;`
ERROR    spec/directives/forward/error/syntax.hrx::as/nothing/input.scss    expect token `<ident>`, but found `;`
ERROR    spec/directives/forward/error/syntax.hrx::empty/input.scss    string is expected
ERROR    spec/directives/forward/error/syntax.hrx::hide/and_show/input.scss    expect token `;`, but found `<ident>`
ERROR    spec/directives/forward/error/syntax.hrx::hide/empty_variable/input.scss    expect token `$var`, but found `<unknown>`
ERROR    spec/directives/forward/error/syntax.hrx::hide/invalid/input.scss    expect token `$var`, but found `<number>`
ERROR    spec/directives/forward/error/syntax.hrx::hide/nothing/input.scss    expect token `$var`, but found `;`
ERROR    spec/directives/forward/error/syntax.hrx::hide/trailing_comma/input.scss    expect token `$var`, but found `;`
ERROR    spec/directives/forward/error/syntax.hrx::show/and_hide/input.scss    expect token `;`, but found `<ident>`
ERROR    spec/directives/forward/error/syntax.hrx::show/empty_variable/input.scss    expect token `$var`, but found `<unknown>`
ERROR    spec/directives/forward/error/syntax.hrx::show/invalid/input.scss    expect token `$var`, but found `<number>`
ERROR    spec/directives/forward/error/syntax.hrx::show/nothing/input.scss    expect token `$var`, but found `;`
ERROR    spec/directives/forward/error/syntax.hrx::show/trailing_comma/input.scss    expect token `$var`, but found `;`
ERROR    spec/directives/forward/error/syntax.hrx::url/unquoted/input.scss    string is expected
ERROR    spec/directives/forward/error/syntax.hrx::with/before_as/input.scss    expect token `;`, but found `<ident>`
ERROR    spec/directives/forward/error/syntax.hrx::with/before_hide/input.scss    expect token `;`, but found `<ident>`
ERROR    spec/directives/forward/error/syntax.hrx::with/before_show/input.scss    expect token `;`, but found `<ident>`
ERROR    spec/directives/forward/error/syntax.hrx::with/empty/input.scss    expect token `$var`, but found `)`
ERROR    spec/directives/forward/error/syntax.hrx::with/extra_comma/input.scss    expect token `$var`, but found `,`
ERROR    spec/directives/forward/error/syntax.hrx::with/missing_keyword/input.scss    expect token `$var`, but found `<ident>`
ERROR    spec/directives/forward/error/syntax.hrx::with/missing_value/input.scss    expect token `:`, but found `)`
ERROR    spec/directives/forward/error/syntax.hrx::with/namespace_variable/input.scss    expect token `$var`, but found `<ident>`
ERROR    spec/directives/forward/error/syntax.hrx::with/no_arguments/input.scss    expect token `(`, but found `;`
ERROR    spec/directives/forward/error/syntax.hrx::with/space_after_dollar/input.scss    expect token `$var`, but found `<unknown>`
ERROR    spec/directives/forward/member/newlines.hrx::error/hide/between/input.sass    expect token `<linebreak>`, but found `<indent>`
ERROR    spec/directives/forward/member/newlines.hrx::error/show/whitespace_between/input.sass    expect token `<linebreak>`, but found `<indent>`
ERROR    spec/directives/forward/whitespace.hrx::error/before_keyword/sass/input.sass    expect token `<linebreak>`, but found `<indent>`
ERROR    spec/directives/forward/whitespace.hrx::show/after_a/sass/input.sass    expect token `<linebreak>`, but found `<indent>`
ERROR    spec/directives/if/error/syntax.hrx::else/partial_if/input.scss    expect token `{`, but found `<ident>`
ERROR    spec/directives/if/whitespace.hrx::error/top_level_else/sass/input.sass    Sass `@else` at-rule is disallowed here
ERROR    spec/directives/if/whitespace.hrx::error/top_level_else_if/sass/input.sass    Sass `@else` at-rule is disallowed here
RECOVER  spec/directives/import/error/top_level_declaration.hrx::root/_upstream.scss    declaration at top level is disallowed
ERROR    spec/directives/import/whitespace.hrx::error/before_url/sass/input.sass    expect token `<string>`, but found `<indent>`
ERROR    spec/directives/mixin/whitespace.hrx::error/include/before_using/sass/input.sass    CSS rule is expected
ERROR    spec/directives/use/error/syntax/as_invalid.hrx::input.scss    `*` or ident for Sass namespace is expected
ERROR    spec/directives/use/error/syntax/as_nothing.hrx::input.scss    `*` or ident for Sass namespace is expected
ERROR    spec/directives/use/error/syntax/empty.hrx::input.scss    string is expected
ERROR    spec/directives/use/error/syntax/member.hrx::function/definition/input.scss    expect token `(`, but found `.`
ERROR    spec/directives/use/error/syntax/member.hrx::function/no_member/input.scss    expect token `<ident>`, but found `(`
ERROR    spec/directives/use/error/syntax/member.hrx::function/no_namespace/input.scss    component value is expected
ERROR    spec/directives/use/error/syntax/member.hrx::identifier_only/input.scss    expect token `(`, but found `}`
ERROR    spec/directives/use/error/syntax/member.hrx::mixin/definition/input.scss    expect token `{`, but found `.`
ERROR    spec/directives/use/error/syntax/member.hrx::mixin/no_member/input.scss    expect token `<ident>`, but found `}`
ERROR    spec/directives/use/error/syntax/member.hrx::mixin/no_namespace/input.scss    expect token `<ident>`, but found `.`
RECOVER  spec/directives/use/error/syntax/member.hrx::variable/global/input.scss    Sass flag `!global` is disallowed
ERROR    spec/directives/use/error/syntax/member.hrx::variable/no_member/input.scss    expect token `<ident>`, but found `<unknown>`
ERROR    spec/directives/use/error/syntax/member.hrx::variable/no_namespace/input.scss    component value is expected
ERROR    spec/directives/use/error/syntax/url.hrx::unquoted/input.scss    string is expected
ERROR    spec/directives/use/error/syntax/with.hrx::before_as/input.scss    expect token `;`, but found `<ident>`
ERROR    spec/directives/use/error/syntax/with.hrx::default/input.scss    expect token `,`, but found `!`
ERROR    spec/directives/use/error/syntax/with.hrx::empty/input.scss    expect token `$var`, but found `)`
ERROR    spec/directives/use/error/syntax/with.hrx::extra_comma/input.scss    expect token `$var`, but found `,`
ERROR    spec/directives/use/error/syntax/with.hrx::missing_keyword/input.scss    expect token `$var`, but found `<ident>`
ERROR    spec/directives/use/error/syntax/with.hrx::missing_value/input.scss    expect token `:`, but found `)`
ERROR    spec/directives/use/error/syntax/with.hrx::namespace_variable/input.scss    expect token `$var`, but found `<ident>`
ERROR    spec/directives/use/error/syntax/with.hrx::no_arguments/input.scss    expect token `(`, but found `;`
ERROR    spec/directives/use/error/syntax/with.hrx::space_after_dollar/input.scss    expect token `$var`, but found `<unknown>`
ERROR    spec/directives/use/error/syntax/within.hrx::function/input.scss    expect token `(`, but found `{`
ERROR    spec/directives/use/whitespace.hrx::error/before_keyword/sass/input.sass    expect token `<linebreak>`, but found `<indent>`
ERROR    spec/expressions/if/error/and.hrx::empty/input.scss    component value is expected
ERROR    spec/expressions/if/error/or.hrx::empty/input.scss    component value is expected
ERROR    spec/expressions/syntax.hrx::error/single_dot/input.scss    component value is expected
ERROR    spec/libsass-closed-issues/issue_1093/argument/function.hrx::input.scss    component value is expected
ERROR    spec/libsass-closed-issues/issue_1093/argument/mixin.hrx::input.scss    component value is expected
ERROR    spec/libsass-closed-issues/issue_1093/assignment.hrx::input.scss    component value is expected
ERROR    spec/libsass-closed-issues/issue_1093/parameter/mixin.hrx::input.scss    component value is expected
ERROR    spec/libsass-closed-issues/issue_1093/property.hrx::input.scss    component value is expected
ERROR    spec/libsass-closed-issues/issue_1355.hrx::input.scss    component value is expected
ERROR    spec/libsass-closed-issues/issue_1484.hrx::input.scss    expect token `}`, but found `<eof>`
ERROR    spec/libsass-closed-issues/issue_1537.hrx::input.scss    expect token `)`, but found `:`
ERROR    spec/libsass-closed-issues/issue_1658.hrx::input.scss    Sass `@else` at-rule is disallowed here
ERROR    spec/libsass-closed-issues/issue_1720.hrx::input.scss    expect token `}`, but found `<eof>`
RECOVER  spec/libsass-closed-issues/issue_2023/id-selector-id.hrx::input.scss    invalid ID selector name
RECOVER  spec/libsass-closed-issues/issue_2023/id-selector-nr.hrx::input.scss    invalid ID selector name
RECOVER  spec/libsass-closed-issues/issue_2023/pseudo-selector-id.hrx::input.scss    invalid ID selector name
RECOVER  spec/libsass-closed-issues/issue_2023/pseudo-selector-nr.hrx::input.scss    invalid ID selector name
ERROR    spec/libsass-closed-issues/issue_2081.hrx::input.scss    expect token `}`, but found `;`
ERROR    spec/libsass-closed-issues/issue_2143.hrx::input.scss    component value is expected
ERROR    spec/libsass-closed-issues/issue_221255.hrx::input.scss    CSS rule is expected
ERROR    spec/libsass-closed-issues/issue_2307.hrx::input.scss    CSS rule is expected
ERROR    spec/libsass-closed-issues/issue_2365.hrx::input.scss    CSS rule is expected
ERROR    spec/libsass-closed-issues/issue_2371.hrx::input.scss    expect token `{`, but found `<eof>`
ERROR    spec/libsass-closed-issues/issue_2509.hrx::input.scss    attribute selector matcher is expected
ERROR    spec/libsass-todo-issues/issue_1096.hrx::input.scss    expect token `<string>`, but found `<ident>`
RECOVER  spec/libsass-todo-issues/issue_1732/invalid/ruleset.hrx::input.scss    declaration at top level is disallowed
ERROR    spec/libsass-todo-issues/issue_2016.hrx::input.scss    expect token `;`, but found `)`
ERROR    spec/libsass-todo-issues/issue_2023/class-selector-id.hrx::input.scss    CSS rule is expected
ERROR    spec/libsass-todo-issues/issue_2023/class-selector-nr.hrx::input.scss    CSS rule is expected
ERROR    spec/libsass-todo-issues/issue_2023/type-selector-id.hrx::input.scss    CSS rule is expected
ERROR    spec/libsass-todo-issues/issue_2023/type-selector-nr.hrx::input.scss    CSS rule is expected
ERROR    spec/libsass-todo-issues/issue_221260.hrx::input.scss    component value is expected
ERROR    spec/libsass-todo-issues/issue_221264.hrx::input.scss    expect token `)`, but found `<eof>`
RECOVER  spec/libsass-todo-issues/issue_2295/error/basic.hrx::include.scss    declaration at top level is disallowed
ERROR    spec/libsass-todo-issues/issue_238764.hrx::input.scss    simple selector is expected
ERROR    spec/non_conformant/errors/fn-varargs/at-start.hrx::input.scss    expect token `)`, but found `$var`
ERROR    spec/non_conformant/errors/fn-varargs/multiple.hrx::input.scss    expect token `)`, but found `$var`
ERROR    spec/non_conformant/errors/fn-varargs/with-default.hrx::input.scss    expect token `)`, but found `:`
ERROR    spec/non_conformant/errors/interpolation/error-1.hrx::input.scss    CSS rule is expected
RECOVER  spec/non_conformant/errors/invalid-parent/return-in-mixin.hrx::input.scss    `@return` is disallowed outside function
RECOVER  spec/non_conformant/errors/invalid-parent/return-in-root.hrx::input.scss    `@return` is disallowed outside function
RECOVER  spec/non_conformant/errors/invalid-parent/return-in-ruleset.hrx::input.scss    `@return` is disallowed outside function
ERROR    spec/non_conformant/errors/unicode/report/after.hrx::input.scss    expect token `:`, but found `<eof>`
ERROR    spec/non_conformant/errors/unicode/report/before.hrx::input.scss    expect token `}`, but found `<eof>`
ERROR    spec/non_conformant/mixin/content/arguments/error/syntax.hrx::arglist/invalid/input.scss    component value is expected
ERROR    spec/non_conformant/mixin/content/arguments/error/syntax.hrx::arglist/missing/input.scss    expect token `(`, but found `{`
ERROR    spec/non_conformant/mixin/content/arguments/error/syntax.hrx::arglist/missing_parens/input.scss    expect token `(`, but found `$var`
ERROR    spec/non_conformant/mixin/content/arguments/error/syntax.hrx::missing_using/input.scss    expect token `;`, but found `(`
ERROR    spec/non_conformant/parser/arglists/can-end-with-comma/error-call-3.hrx::input.scss    expect token `)`, but found `<eof>`
ERROR    spec/non_conformant/parser/arglists/can-end-with-comma/error-function-1.hrx::input.scss    expect token `$var`, but found `,`
ERROR    spec/non_conformant/parser/arglists/can-end-with-comma/error-function-2.hrx::input.scss    expect token `$var`, but found `,`
ERROR    spec/non_conformant/parser/arglists/can-end-with-comma/error-function-3.hrx::input.scss    expect token `$var`, but found `{`
RECOVER  spec/non_conformant/parser/arglists/can-end-with-comma/error-include-1.hrx::input.scss    component value is expected
RECOVER  spec/non_conformant/parser/arglists/can-end-with-comma/error-include-2.hrx::input.scss    component value is expected
ERROR    spec/non_conformant/parser/arglists/can-end-with-comma/error-include-3.hrx::input.scss    component value is expected
ERROR    spec/non_conformant/parser/arglists/can-end-with-comma/error-mixin-1.hrx::input.scss    expect token `$var`, but found `,`
ERROR    spec/non_conformant/parser/arglists/can-end-with-comma/error-mixin-2.hrx::input.scss    expect token `$var`, but found `,`
ERROR    spec/non_conformant/parser/arglists/can-end-with-comma/error-mixin-3.hrx::input.scss    expect token `$var`, but found `{`
ERROR    spec/non_conformant/parser/malformed_expressions/at-debug/incomplete-expression.hrx::input.scss    expect token `)`, but found `;`
ERROR    spec/non_conformant/parser/malformed_expressions/at-debug/no-argument.hrx::input.scss    component value is expected
ERROR    spec/non_conformant/parser/malformed_expressions/at-error/incomplete-expression.hrx::input.scss    expect token `)`, but found `;`
ERROR    spec/non_conformant/parser/malformed_expressions/at-error/no-argument.hrx::input.scss    component value is expected
ERROR    spec/non_conformant/parser/malformed_expressions/at-warn/incomplete-expression.hrx::input.scss    expect token `)`, but found `;`
ERROR    spec/non_conformant/parser/malformed_expressions/at-warn/no-argument.hrx::input.scss    component value is expected
RECOVER  spec/non_conformant/sass/indentation.hrx::error/inconsistent/input.sass    declaration at top level is disallowed
ERROR    spec/non_conformant/scss/while_without_condition.hrx::input.scss    component value is expected
ERROR    spec/operators/modulo.hrx::error/syntax/whitespace/newline/after_percent/input.sass    CSS rule is expected
ERROR    spec/operators/newlines.hrx::error/binary/before_indent/input.sass    expect token `<linebreak>`, but found `<indent>`
ERROR    spec/parser/indentation.hrx::error/mixed_syntax/block/input.sass    CSS rule is expected
ERROR    spec/parser/interpolation.hrx::error/partial_bracket/sass/input.sass    attribute selector matcher is expected
ERROR    spec/parser/interpolation.hrx::error/partial_bracket/scss/input.scss    attribute selector matcher is expected
ERROR    spec/parser/interpolation.hrx::error/selector/unmatched_close_bracket/input.sass    CSS rule is expected
ERROR    spec/parser/interpolation.hrx::error/selector/unmatched_close_paren/input.sass    CSS rule is expected
ERROR    spec/parser/selector.hrx::error/empty_placeholder/input.scss    expect one of `<ident>` or `#{`, but found `{`
ERROR    spec/parser/selector.hrx::error/newline/before_comma/input.sass    CSS rule is expected
ERROR    spec/values/calculation/abs.hrx::error/syntax/invalid_arg/input.scss    component value is expected
ERROR    spec/values/calculation/acos.hrx::error/sass_script/input.scss    component value is expected
ERROR    spec/values/calculation/acos.hrx::error/syntax/invalid_arg/input.scss    component value is expected
ERROR    spec/values/calculation/asin.hrx::error/sass_script/input.scss    component value is expected
ERROR    spec/values/calculation/asin.hrx::error/syntax/invalid_arg/input.scss    component value is expected
ERROR    spec/values/calculation/atan.hrx::error/sass_script/input.scss    component value is expected
ERROR    spec/values/calculation/atan2.hrx::error/sass_script/input.scss    component value is expected
ERROR    spec/values/calculation/atan2.hrx::error/syntax/invalid_arg/input.scss    component value is expected
ERROR    spec/values/calculation/calc-size.hrx::error/syntax/invalid_arg/input.scss    unknown token
ERROR    spec/values/calculation/calc/error/syntax.hrx::dollar/input.scss    component value is expected
ERROR    spec/values/calculation/calc/error/syntax.hrx::double_operator/input.scss    component value is expected
ERROR    spec/values/calculation/calc/error/syntax.hrx::hash/input.scss    component value is expected
ERROR    spec/values/calculation/calc/error/syntax.hrx::interpolation/line_noise/input.scss    expect token `<ident>`, but found `{`
ERROR    spec/values/calculation/calc/error/syntax.hrx::leading_operator/input.scss    component value is expected
ERROR    spec/values/calculation/calc/error/syntax.hrx::trailing_operator/input.scss    component value is expected
ERROR    spec/values/calculation/calc/error/syntax.hrx::unknown_operator/input.scss    component value is expected
ERROR    spec/values/calculation/clamp.hrx::error/syntax/invalid_arg/input.scss    component value is expected
ERROR    spec/values/calculation/clamp.hrx::error/syntax/rest/input.scss    component value is expected
ERROR    spec/values/calculation/cos.hrx::error/sass_script/input.scss    component value is expected
ERROR    spec/values/calculation/cos.hrx::error/syntax/invalid_arg/input.scss    component value is expected
ERROR    spec/values/calculation/exp.hrx::error/sass_script/input.scss    component value is expected
ERROR    spec/values/calculation/exp.hrx::error/syntax/invalid_arg/input.scss    component value is expected
ERROR    spec/values/calculation/hypot.hrx::error/sass_script/input.scss    component value is expected
ERROR    spec/values/calculation/hypot.hrx::error/syntax/invalid_arg/input.scss    component value is expected
ERROR    spec/values/calculation/log.hrx::error/sass_script/input.scss    component value is expected
ERROR    spec/values/calculation/log.hrx::error/syntax/invalid_arg/input.scss    component value is expected
ERROR    spec/values/calculation/max.hrx::error/syntax/invalid_arg/input.scss    component value is expected
ERROR    spec/values/calculation/min.hrx::error/syntax/invalid_arg/input.scss    component value is expected
ERROR    spec/values/calculation/mod.hrx::error/sass_script/input.scss    component value is expected
ERROR    spec/values/calculation/mod.hrx::error/syntax/invalid_arg/input.scss    component value is expected
ERROR    spec/values/calculation/pow.hrx::error/sass_script/input.scss    component value is expected
ERROR    spec/values/calculation/pow.hrx::error/syntax/invalid_arg/input.scss    component value is expected
ERROR    spec/values/calculation/rem.hrx::error/sass_script/input.scss    component value is expected
ERROR    spec/values/calculation/rem.hrx::error/syntax/invalid_arg/input.scss    component value is expected
ERROR    spec/values/calculation/round/error.hrx::one_argument/syntax/invalid_arg/input.scss    component value is expected
ERROR    spec/values/calculation/round/error.hrx::two_argument/sass_script/input.scss    component value is expected
ERROR    spec/values/calculation/sign.hrx::error/sass_script/input.scss    component value is expected
ERROR    spec/values/calculation/sign.hrx::error/syntax/invalid_arg/input.scss    component value is expected
ERROR    spec/values/calculation/sin.hrx::error/sass_script/input.scss    component value is expected
ERROR    spec/values/calculation/sin.hrx::error/syntax/invalid_arg/input.scss    component value is expected
ERROR    spec/values/calculation/sqrt.hrx::error/sass_script/input.scss    component value is expected
ERROR    spec/values/calculation/sqrt.hrx::error/syntax/invalid_arg/input.scss    component value is expected
ERROR    spec/values/calculation/tan.hrx::error/sass_script/input.scss    component value is expected
ERROR    spec/values/calculation/tan.hrx::error/syntax/invalid_arg/input.scss    component value is expected
ERROR    spec/values/lists/sass.hrx::error/no_parens/trailing_comma/input.sass    expect token `:`, but found `,`
ERROR    spec/values/maps/invalid-key.hrx::input.scss    expect token `;`, but found `...`
ERROR    spec/values/numbers/error.hrx::trailing_dot/minus/input.scss    component value is expected
ERROR    spec/values/numbers/error.hrx::trailing_dot/plus/input.scss    component value is expected
ERROR    spec/values/strings.hrx::new-line/sass/raw/input.sass    unterminated string
ERROR    spec/values/strings.hrx::new-line/scss/cr/input.scss    unterminated string
ERROR    spec/values/strings.hrx::new-line/scss/ff/input.scss    expect token `}`, but found `<eof>`
ERROR    spec/values/strings.hrx::new-line/scss/raw/input.scss    unterminated string
ERROR    spec/variables/whitespace.hrx::error/before_default/sass/input.sass    expect token `<linebreak>`, but found `<indent>`
ERROR    spec/variables/whitespace.hrx::error/before_global/sass/input.sass    expect token `<linebreak>`, but found `<indent>`
ERROR    spec/variables/whitespace.hrx::error/between_double_default/sass/input.sass    expect token `<linebreak>`, but found `<indent>`
