# oxc-css-parser conformance — `cargo run -p conformance`
# success = clean parse; failed = recovered + hard_error + panic

suite                   files  success  failed   clean  recov  harderr  panic
css-parsing-tests           0        0       0       0      0        0      0
wpt                         5        3       2       3      0        2      0
csswg-drafts                9        8       1       8      0        1      0
webref                      0        0       0       0      0        0      0
postcss-parser-tests       30       25       5      25      1        4      0
sass-spec               26785    25488    1297   25488     27     1270      0
less.js                   459      385      74     385      3       71      0
------------------------------------------------------------------------
total                   27288    25909    1379   25909     31     1348      0

# by syntax
syntax                  files  success  failed   clean  recov  harderr  panic
css                     11795    10964     831   10964      5      826      0
scss                    14748    14388     360   14388     22      338      0
sass                      439      303     136     303      2      134      0
less                      306      254      52     254      2       50      0
