# oxc-css-parser conformance — `cargo run -p conformance`
# success = clean parse; failed = recovered + hard_error + panic;
# expected = parse errors on error-tests (correct behavior, not failures)

suite                   files  success  failed  expected   clean  recov  harderr  panic
css-parsing-tests           0        0       0         0       0      0        0      0
wpt                         7        5       0         2       5      0        0      0
csswg-drafts                9        9       0         0       9      0        0      0
webref                      0        0       0         0       0      0        0      0
postcss-parser-tests       30       27       3         0      27      1        2      0
sass-spec               26787    26364     120       303   26364     11      109      0
less.js                   459      398      39        22     398      3       36      0
------------------------------------------------------------------------
total                   27292    26803     162       327   26803     15      147      0

# by syntax
syntax                  files  success  failed  expected   clean  recov  harderr  panic
css                     11797    11715      58        24   11715      5       53      0
scss                    14750    14440      74       236   14440      8       66      0
sass                      439      391       3        45     391      0        3      0
less                      306      257      27        22     257      2       25      0
