suite: wpt
sha: 1722fb6566acac7b0fc7bfc9aae55a47594b9d03
files: 7   success: 5   failed: 0   expected: 2
clean: 5  recovered: 0  hard_error: 0  panic: 0

failures:
none

expected failures (error tests, correct behavior):
ERROR    css/css-syntax/charset/support/at-charset-windows-1250-in-utf16.css    expect token `{`, but found `<eof>`
ERROR    css/css-syntax/charset/support/at-charset-windows-1250-in-utf16be.css    expect token `{`, but found `<eof>`
